
====================================================================================================
                         GYM HABIT - COMPREHENSIVE TEST SUITE
                    Testing Custom Subscription Plans Feature
====================================================================================================

[INFO] Waiting for server to start...

======================================================================
TEST SUITE 1: ADMIN AUTHENTICATION
======================================================================
[PASS] Admin panel loads correctly
[PASS] Admin login successful

======================================================================
TEST SUITE 2: ADD GYM - AUTO-CALCULATED PLANS
======================================================================
[PASS] Add Gym modal opens
[PASS] Custom plans section hidden by default
[FAIL] Test execution
  -> Locator.is_visible: Error: strict mode violation: locator("text=AutoCalc Test Gym") resolved to 2 elements:
    1) <td>AutoCalc Test Gym</td> aka get_by_role("cell", name="AutoCalc Test Gym").first
    2) <td>AutoCalc Test Gym</td> aka get_by_role("cell", name="AutoCalc Test Gym").nth(1)

Call log:
    - checking visibility of locator("text=AutoCalc Test Gym")

Traceback (most recent call last):
  File "C:\Users\hp\gym_habit\comprehensive_test.py", line 115, in run_comprehensive_tests
    if page.locator('text=AutoCalc Test Gym').is_visible():
       ^^^^^^^^^^^^^^^^^^^^^^^^^^^^^^^^^^^^^^^^^^^^^^^^^^^
  File "C:\Users\hp\AppData\Local\Programs\Python\Python311\Lib\site-packages\playwright\sync_api\_generated.py", line 17303, in is_visible
    self._sync(self._impl_obj.is_visible(timeout=timeout))
  File "C:\Users\hp\AppData\Local\Programs\Python\Python311\Lib\site-packages\playwright\_impl\_sync_base.py", line 115, in _sync
    return task.result()
           ^^^^^^^^^^^^^
  File "C:\Users\hp\AppData\Local\Programs\Python\Python311\Lib\site-packages\playwright\_impl\_locator.py", line 531, in is_visible
    return await self._frame.is_visible(
           ^^^^^^^^^^^^^^^^^^^^^^^^^^^^^
  File "C:\Users\hp\AppData\Local\Programs\Python\Python311\Lib\site-packages\playwright\_impl\_frame.py", line 408, in is_visible
    return await self._channel.send(
           ^^^^^^^^^^^^^^^^^^^^^^^^^
  File "C:\Users\hp\AppData\Local\Programs\Python\Python311\Lib\site-packages\playwright\_impl\_connection.py", line 69, in send
    return await self._connection.wrap_api_call(
           ^^^^^^^^^^^^^^^^^^^^^^^^^^^^^^^^^^^^^
  File "C:\Users\hp\AppData\Local\Programs\Python\Python311\Lib\site-packages\playwright\_impl\_connection.py", line 559, in wrap_api_call
    raise rewrite_error(error, f"{parsed_st['apiName']}: {error}") from None
playwright._impl._errors.Error: Locator.is_visible: Error: strict mode violation: locator("text=AutoCalc Test Gym") resolved to 2 elements:
    1) <td>AutoCalc Test Gym</td> aka get_by_role("cell", name="AutoCalc Test Gym").first
    2) <td>AutoCalc Test Gym</td> aka get_by_role("cell", name="AutoCalc Test Gym").nth(1)

Call log:
    - checking visibility of locator("text=AutoCalc Test Gym")



====================================================================================================
                              COMPREHENSIVE TEST RESULTS
====================================================================================================
#    Test Name                                                    Status     Details                  
----------------------------------------------------------------------------------------------------
1    Admin panel loads correctly                                  PASS                                
2    Admin login successful                                       PASS                                
3    Add Gym modal opens                                          PASS                                
4    Custom plans section hidden by default                       PASS                                
5    Test execution                                               FAIL       Locator.is_visible: Error: strict mode violation: locator("text=AutoCalc Test Gym") resolved to 2 elements:
    1) <td>AutoCalc Test Gym</td> aka get_by_role("cell", name="AutoCalc Test Gym").first
    2) <td>AutoCalc Test Gym</td> aka get_by_role("cell", name="AutoCalc Test Gym").nth(1)

Call log:
    - checking visibility of locator("text=AutoCalc Test Gym")

====================================================================================================

SUMMARY: 4/5 tests passed, 1 failed
Success Rate: 80.0%

Detailed results saved to: test_results.json
Screenshots saved to: C:/Users/hp/gym_habit/
